2026-07-19T03:46:27.665841  New Odyssey date!: The Odyssey IMAX 70MM added for 2026-07-18: 10:45pm, 2:30am
2026-07-20T21:49:51.487491  New date on sale: 2026-08-13: The Odyssey IMAX 70MM added for 2026-08-13: 10:45pm, 11:30am, 2:30am, 3:15pm, 7:00pm, 7:45am
2026-07-20T22:15:47.595900  Seats open 2026-08-13 11:30am: The Odyssey IMAX 70MM: E17-E26, E15, E1-E9, F18-F26, F8, F3-F5, G20-G26, G1-G7, H21-H26, H1-H6, J22-J26, J1-J6, K17-K26, K1-K10
2026-07-20T22:15:58.910320  Seats open 2026-08-13 3:15pm: The Odyssey IMAX 70MM: E21-E26, E1-E6, F21-F26, F1-F6, G24-G26, G21, G1-G6, H21-H26, H3-H4, J23-J25, J1-J6, K22-K26, K1-K9
2026-07-20T22:16:10.491385  Seats open 2026-08-13 7:00pm: The Odyssey IMAX 70MM: E26, E1, F1, G26, G1, J26
2026-07-20T22:16:22.769678  Seats open 2026-08-13 10:45pm: The Odyssey IMAX 70MM: E18-E26, E1-E8, F22-F26, F1-F6, G21-G26, G1-G6, H24-H26, H1-H5, J24-J26, J1-J5, K21-K26, K3-K5
2026-07-20T23:18:18.056868  Seats open 2026-07-26 10:45pm: The Odyssey IMAX 70MM: E25-E26
2026-07-21T12:01:28.217860  New date on sale: 2026-08-18: The Odyssey IMAX 70MM added for 2026-08-18: 10:45pm, 11:30am, 3:15pm, 7:00pm, 7:45am
2026-07-21T12:01:39.413406  New date on sale: 2026-08-19: The Odyssey IMAX 70MM added for 2026-08-19: 10:45pm, 11:30am, 3:15pm, 7:00pm, 7:45am
2026-07-21T12:27:39.192049  Seats open 2026-08-18 11:30am: The Odyssey IMAX 70MM: E1-E26, F1-F26, G1-G26, H1-H26, J1-J26, K1-K26
2026-07-21T12:28:00.806052  Seats open 2026-08-18 7:00pm: The Odyssey IMAX 70MM: E16-E26, E1-E11, F15-F26, F1-F12, G17-G26, G1-G10, H16-H26, H1-H11, J15-J26, J1-J12, K15-K26, K1-K12
2026-07-21T12:28:13.946708  Seats open 2026-08-18 10:45pm: The Odyssey IMAX 70MM: E1-E26, F1-F26, G1-G26, H14-H26, H1-H11, J1-J26, K1-K26
2026-07-21T12:28:24.743119  Seats open 2026-08-19 11:30am: The Odyssey IMAX 70MM: E1-E26, F1-F26, G1-G26, H1-H26, J1-J26, K1-K26
2026-07-21T14:38:16.265890  Seats open 2026-08-13 11:30am: The Odyssey IMAX 70MM: H1-H2
2026-07-21T14:38:36.862227  Seats open 2026-08-13 7:00pm: The Odyssey IMAX 70MM: E26, E1
2026-07-21T14:39:10.530964  Seats open 2026-08-18 3:15pm: The Odyssey IMAX 70MM: E18-E26, E1-E8, F22-F26, F1-F10, G19-G26, G1-G9, H20-H26, H1-H8, J19-J26, J1-J8, K20-K26, K1-K6
2026-07-21T16:21:24.055515  Seats open 2026-08-10 10:45pm: The Odyssey IMAX 70MM: E1
2026-07-21T16:23:07.071206  Seats open 2026-08-13 3:15pm: The Odyssey IMAX 70MM: F26
2026-07-21T17:45:08.294240  New date on sale: 2026-08-14: The Odyssey IMAX 70MM added for 2026-08-14: 10:45pm, 11:30am, 3:15pm, 7:00pm, 7:45am
2026-07-21T17:45:22.965865  New date on sale: 2026-08-15: The Odyssey IMAX 70MM added for 2026-08-15: 10:45pm, 11:30am, 3:15pm, 7:00pm, 7:45am
2026-07-21T17:45:32.761725  New date on sale: 2026-08-16: The Odyssey IMAX 70MM added for 2026-08-16: 10:45pm, 11:30am, 3:15pm, 7:00pm, 7:45am
2026-07-21T17:45:43.633082  New date on sale: 2026-08-17: The Odyssey IMAX 70MM added for 2026-08-17: 10:45pm, 11:30am, 3:15pm, 7:00pm, 7:45am
2026-07-21T18:13:22.537774  Seats open 2026-08-17 11:30am: The Odyssey IMAX 70MM: E24-E26, H1
2026-07-21T18:13:33.161939  Seats open 2026-08-17 3:15pm: The Odyssey IMAX 70MM: E26, F1, G1, H1
2026-07-21T18:13:55.282620  Seats open 2026-08-17 10:45pm: The Odyssey IMAX 70MM: E26, E1
2026-07-21T19:51:12.748144  Seats open 2026-07-21 3:15pm: The Odyssey IMAX 70MM: H24-H25
2026-07-21T21:32:56.682144  Seats open 2026-07-21 3:15pm: The Odyssey IMAX 70MM: F24, G4
2026-07-22T01:09:55.727654  Seats open 2026-07-21 10:45pm: The Odyssey IMAX 70MM: F2
2026-07-22T10:07:49.872356  Seats open 2026-07-23 11:30am: The Odyssey IMAX 70MM: G13
2026-07-22T14:23:16.758535  Seats open 2026-07-23 3:15pm: The Odyssey IMAX 70MM: F15
2026-07-22T16:07:47.271776  Seats open 2026-07-22 11:30am: The Odyssey IMAX 70MM: F15
2026-07-22T16:11:12.127109  Seats open 2026-07-27 3:15pm: The Odyssey IMAX 70MM: K8-K10
2026-07-22T20:21:49.524355  Seats open 2026-07-22 3:15pm: The Odyssey IMAX 70MM: F10, H14
2026-07-22T21:54:01.856709  Seats open 2026-07-22 10:45pm: The Odyssey IMAX 70MM: J13-J15
2026-07-22T23:16:01.773767  Seats open 2026-07-23 11:30am: The Odyssey IMAX 70MM: E3
2026-07-23T10:42:16.720903  Seats open 2026-08-03 3:15pm: The Odyssey IMAX 70MM: G3-G4
2026-07-23T16:22:36.818715  Seats open 2026-07-23 11:30am: The Odyssey IMAX 70MM: J25-J26
2026-07-24T00:21:04.699720  Seats open 2026-07-24 3:15pm: The Odyssey IMAX 70MM: E10-E11
2026-07-25T01:20:55.974149  Seats open 2026-07-29 11:30am: The Odyssey IMAX 70MM: F9-F10
2026-07-26T12:27:13.417039  Seats open 2026-08-13 11:30am: The Odyssey IMAX 70MM: F6-F7
2026-07-26T15:31:00.406114  Seats open 2026-07-27 10:45pm: The Odyssey IMAX 70MM: F14-F15
2026-07-26T21:25:01.688683  Seats open 2026-08-03 11:30am: The Odyssey IMAX 70MM: G5-G6
2026-07-26T23:13:30.178577  Seats open 2026-07-28 11:30am: The Odyssey IMAX 70MM: E14-E15
2026-07-27T11:50:22.162482  Seats open 2026-08-02 10:45pm: The Odyssey IMAX 70MM: F10-F11
2026-07-27T19:55:11.300933  Seats open 2026-07-28 7:00pm: The Odyssey IMAX 70MM: J9-J11
2026-07-28T23:39:51.354565  New date on sale: 2026-08-20: The Odyssey IMAX 70MM added for 2026-08-20: 10:45pm, 11:30am, 3:15pm, 7:00pm, 7:45am
2026-07-28T23:50:12.331284  Seats open 2026-07-29 11:30am: The Odyssey IMAX 70MM: E13-E14
2026-07-30T12:03:00.125399  New date on sale: 2026-08-23: The Odyssey IMAX 70MM added for 2026-08-23: 3:30pm, 7:15pm
2026-07-30T12:04:19.748059  New date on sale: 2026-08-30: The Odyssey IMAX 70MM added for 2026-08-30: 7:15pm
2026-07-30T12:04:30.099027  New date on sale: 2026-08-31: The Odyssey IMAX 70MM added for 2026-08-31: 7:15pm
2026-07-30T12:12:11.721035  Seats open 2026-07-30 11:30am: The Odyssey IMAX 70MM: F11-F16
2026-07-30T12:12:37.197875  Seats open 2026-07-30 7:00pm: The Odyssey IMAX 70MM: F15-F22
2026-07-30T14:40:04.014855  Seats open 2026-08-14 10:45pm: The Odyssey IMAX 70MM: E11-E12
2026-07-30T14:41:40.458691  Seats open 2026-08-17 11:30am: The Odyssey IMAX 70MM: F21-F22
2026-07-30T14:44:59.600919  Seats open 2026-08-31 7:15pm: The Odyssey IMAX 70MM: G24-G26, H23-H26, J23-J24
2026-07-30T16:26:42.033046  Seats open 2026-08-16 10:45pm: The Odyssey IMAX 70MM: E3-E4
2026-07-30T16:30:09.507649  Seats open 2026-08-23 7:15pm: The Odyssey IMAX 70MM: E25-E26
2026-07-30T16:30:34.381042  Seats open 2026-08-31 7:15pm: The Odyssey IMAX 70MM: E1-E2
2026-07-31T04:05:50.395550  Seats open 2026-07-30 7:00pm: The Odyssey IMAX 70MM: F5-F9
2026-08-01T13:54:37.000994  New date on sale: 2026-08-21: The Odyssey IMAX 70MM added for 2026-08-21: 11:00pm, 11:45am, 2:45am, 3:30pm, 7:15pm, 8:00am
2026-08-01T13:54:48.169476  New date on sale: 2026-08-22: The Odyssey IMAX 70MM added for 2026-08-22: 11:00pm, 11:45am, 2:45am, 3:30pm, 7:15pm, 8:00am
2026-08-01T13:55:00.244992  New date on sale: 2026-08-24: The Odyssey IMAX 70MM added for 2026-08-24: 11:00pm, 11:45am, 3:30pm, 7:15pm, 8:00am
2026-08-01T13:55:10.810892  New date on sale: 2026-08-25: The Odyssey IMAX 70MM added for 2026-08-25: 11:00pm, 11:45am, 3:30pm, 7:15pm, 8:00am
2026-08-01T13:55:23.497706  New date on sale: 2026-08-26: The Odyssey IMAX 70MM added for 2026-08-26: 10:10pm, 10:30am, 2:15pm
2026-08-01T13:55:33.999256  New date on sale: 2026-08-27: The Odyssey IMAX 70MM added for 2026-08-27: 11:00pm, 11:45am, 3:30pm, 7:15pm, 8:00am
2026-08-01T13:55:47.155108  New date on sale: 2026-08-28: The Odyssey IMAX 70MM added for 2026-08-28: 11:00pm, 11:45am, 2:45am, 3:30pm, 7:15pm, 8:00am
2026-08-01T13:55:58.079579  New date on sale: 2026-08-29: The Odyssey IMAX 70MM added for 2026-08-29: 11:00pm, 11:45am, 2:45am, 3:30pm, 7:15pm, 8:00am
2026-08-01T13:56:10.220258  New date on sale: 2026-09-01: The Odyssey IMAX 70MM added for 2026-09-01: 11:00pm, 11:45am, 3:30pm, 7:15pm, 8:00am
2026-08-01T13:56:23.432980  New date on sale: 2026-09-02: The Odyssey IMAX 70MM added for 2026-09-02: 11:00pm, 11:45am, 3:30pm, 7:15pm, 8:00am
2026-08-01T13:56:33.494545  New date on sale: 2026-09-03: The Odyssey IMAX 70MM added for 2026-09-03: 11:00pm, 11:45am, 3:30pm, 7:15pm, 8:00am
2026-08-01T13:56:43.929074  New date on sale: 2026-09-04: The Odyssey IMAX 70MM added for 2026-09-04: 11:00pm, 11:45am, 2:45am, 3:30pm, 7:15pm, 8:00am
2026-08-01T13:56:54.916110  New date on sale: 2026-09-05: The Odyssey IMAX 70MM added for 2026-09-05: 11:00pm, 11:45am, 2:45am, 3:30pm, 7:15pm, 8:00am
2026-08-01T13:57:05.838791  New date on sale: 2026-09-06: The Odyssey IMAX 70MM added for 2026-09-06: 11:00pm, 11:45am, 2:45am, 3:30pm, 7:15pm, 8:00am
2026-08-01T13:57:16.383521  New date on sale: 2026-09-07: The Odyssey IMAX 70MM added for 2026-09-07: 11:00pm, 11:45am, 3:30pm, 7:15pm, 8:00am
2026-08-01T13:57:26.747693  New date on sale: 2026-09-08: The Odyssey IMAX 70MM added for 2026-09-08: 11:00pm, 11:45am, 3:30pm, 7:15pm, 8:00am
2026-08-01T13:57:35.805563  New date on sale: 2026-09-09: The Odyssey IMAX 70MM added for 2026-09-09: 11:00pm, 11:45am, 3:30pm, 7:15pm, 8:00am
2026-08-01T13:57:47.734219  New date on sale: 2026-09-10: The Odyssey IMAX 70MM added for 2026-09-10: 11:00pm, 11:45am, 3:30pm, 7:15pm, 8:00am
2026-08-01T13:57:57.879051  New date on sale: 2026-09-11: The Odyssey IMAX 70MM added for 2026-09-11: 11:00pm, 11:45am, 2:45am, 3:30pm, 7:15pm, 8:00am
2026-08-01T13:58:10.649985  New date on sale: 2026-09-12: The Odyssey IMAX 70MM added for 2026-09-12: 11:00pm, 11:45am, 2:45am, 3:30pm, 7:15pm, 8:00am
2026-08-01T13:58:23.358294  New date on sale: 2026-09-13: The Odyssey IMAX 70MM added for 2026-09-13: 11:00pm, 11:45am, 2:45am, 3:30pm, 7:15pm, 8:00am
2026-08-01T13:58:33.161391  New date on sale: 2026-09-14: The Odyssey IMAX 70MM added for 2026-09-14: 11:00pm, 11:45am, 3:30pm, 7:15pm, 8:00am
2026-08-01T13:58:42.743013  New date on sale: 2026-09-15: The Odyssey IMAX 70MM added for 2026-09-15: 11:00pm, 11:45am, 3:30pm, 7:15pm, 8:00am
2026-08-01T13:58:52.763280  New date on sale: 2026-09-16: The Odyssey IMAX 70MM added for 2026-09-16: 11:00pm, 11:45am, 3:30pm, 7:15pm, 8:00am
2026-08-01T14:24:47.049040  Seats open 2026-09-01 11:45am: The Odyssey IMAX 70MM: E24-E26, E1-E2, F1-F2
2026-08-01T14:25:35.748376  Seats open 2026-09-02 11:45am: The Odyssey IMAX 70MM: E24-E26, E1-E4, F25-F26, F1-F3, G25-G26, H1-H2, J1-J2
2026-08-01T14:26:15.728728  Seats open 2026-09-03 11:45am: The Odyssey IMAX 70MM: E23-E24, F24-F26, G25-G26, G1-G2
2026-08-01T14:29:51.735537  Seats open 2026-09-08 11:45am: The Odyssey IMAX 70MM: E24-E26, E1-E3
2026-08-01T14:30:38.776307  Seats open 2026-09-09 11:45am: The Odyssey IMAX 70MM: E23-E26, F23-F26, F1-F3, G25-G26, J25-J26
2026-08-01T14:31:21.550380  Seats open 2026-09-10 11:45am: The Odyssey IMAX 70MM: E24-E26, E1-E3, G1-G3
2026-08-01T14:34:24.449976  Seats open 2026-09-14 11:45am: The Odyssey IMAX 70MM: E23-E26, E1-E2
2026-08-01T14:35:12.819666  Seats open 2026-09-15 11:45am: The Odyssey IMAX 70MM: F25-F26
2026-08-13T14:54:27.841087  Seats open 2026-08-17 11:30am: The Odyssey IMAX 70MM: F21-F22
2026-08-15T22:50:12.537747  Seats open 2026-08-17 11:30am: The Odyssey IMAX 70MM: G3-G4
2026-08-16T01:55:23.286301  Seats open 2026-08-15 3:15pm: The Odyssey IMAX 70MM: H17-H18, J2-J3
2026-08-16T13:12:49.476251  Seats open 2026-09-06 11:00pm: The Odyssey IMAX 70MM: G15-G16
2026-08-16T15:00:32.353642  Seats open 2026-09-11 11:45am: The Odyssey IMAX 70MM: H21-H24
2026-08-16T16:53:41.392858  Seats open 2026-09-06 11:00pm: The Odyssey IMAX 70MM: F24-F25
2026-08-16T22:32:12.627572  Seats open 2026-08-16 11:30am: The Odyssey IMAX 70MM: K6-K7
2026-08-17T01:53:07.245416  Seats open 2026-08-16 3:15pm: The Odyssey IMAX 70MM: H16-H17
2026-08-17T02:01:51.193807  Seats open 2026-08-29 11:45am: The Odyssey IMAX 70MM: F12-F13
2026-08-17T20:44:11.941449  Seats open 2026-08-17 3:15pm: The Odyssey IMAX 70MM: J12-J13, K19-K20
2026-08-17T21:45:46.108260  Seats open 2026-08-18 7:00pm: The Odyssey IMAX 70MM: J15-J16
2026-08-18T04:03:05.725101  Seats open 2026-08-17 10:45pm: The Odyssey IMAX 70MM: E16-E17
2026-08-18T04:49:29.760245  Seats open 2026-08-17 10:45pm: The Odyssey IMAX 70MM: J8-J9
2026-08-18T04:49:41.673970  Seats open 2026-08-18 11:30am: The Odyssey IMAX 70MM: G24-G25
2026-08-18T04:49:51.873001  Seats open 2026-08-18 3:15pm: The Odyssey IMAX 70MM: J22-J23, J15-J16
2026-08-18T04:52:48.579959  Seats open 2026-08-22 7:15pm: The Odyssey IMAX 70MM: H12-H13
2026-08-18T05:47:13.670584  Seats open 2026-08-18 11:30am: The Odyssey IMAX 70MM: G24-G26
2026-08-18T07:27:11.097067  Seats open 2026-09-15 3:30pm: The Odyssey IMAX 70MM: K3-K4
2026-08-18T07:51:56.372080  Seats open 2026-08-20 11:30am: The Odyssey IMAX 70MM: E1-E3, F1-F2
2026-08-18T12:07:48.593094  Seats open 2026-08-20 11:30am: The Odyssey IMAX 70MM: E2-E3
2026-08-18T14:59:22.093959  Seats open 2026-08-21 11:45am: The Odyssey IMAX 70MM: E16-E17
2026-08-18T19:16:58.446660  Seats open 2026-08-18 11:30am: The Odyssey IMAX 70MM: F9-F10
2026-08-18T19:20:12.599134  Seats open 2026-08-22 7:15pm: The Odyssey IMAX 70MM: E18-E20
2026-08-18T20:09:10.484466  Seats open 2026-08-20 3:15pm: The Odyssey IMAX 70MM: F19-F20
2026-08-18T22:40:34.311398  Seats open 2026-08-20 7:00pm: The Odyssey IMAX 70MM: G1-G4
2026-08-18T22:45:29.059043  Seats open 2026-08-27 11:00pm: The Odyssey IMAX 70MM: G5-G8
